// Vitest Snapshot v1, https://vitest.dev/guide/snapshot.html

exports[`Home Nav > matches snapshot 1`] = `
<div>
  <h2
    class="_categories-title_2bdc0c"
  >
    Categories
  </h2>
  <nav
    class="_category-nav_2bdc0c"
  >
    <a
      aria-current="page"
      class="_link_2bdc0c"
      data-discover="true"
      href="/home/products"
    >
      All
    </a>
    <a
      class="_link_2bdc0c"
      data-discover="true"
      href="/home/electronics"
    >
      Electronics
    </a>
    <a
      class="_selected-link_2bdc0c"
      data-discover="true"
      href="/home/jewelery"
    >
      Jewelery
    </a>
    <a
      class="_link_2bdc0c"
      data-discover="true"
      href="/home/men's clothing"
    >
      Men's clothing
    </a>
    <a
      class="_link_2bdc0c"
      data-discover="true"
      href="/home/women's clothing"
    >
      Women's clothing
    </a>
  </nav>
</div>
`;
