// Vitest Snapshot v1, https://vitest.dev/guide/snapshot.html

exports[`Home Nav > matches snapshot 1`] = `
<div>
  <h2>
    Categories
  </h2>
  <nav>
    <button>
      <a
        class=""
        data-discover="true"
        href="/home/products"
      >
        All
      </a>
    </button>
    <button>
      <a
        class=""
        data-discover="true"
        href="/home/electronics"
      >
        Electronics
      </a>
    </button>
    <button>
      <a
        class=""
        data-discover="true"
        href="/home/jewelery"
      >
        Jewelery
      </a>
    </button>
    <button>
      <a
        class=""
        data-discover="true"
        href="/home/men's clothing"
      >
        Men's clothing
      </a>
    </button>
    <button>
      <a
        class=""
        data-discover="true"
        href="/home/women's clothing"
      >
        women's clothing
      </a>
    </button>
  </nav>
</div>
`;
