// Vitest Snapshot v1, https://vitest.dev/guide/snapshot.html

exports[`Login > matches snapshot 1`] = `
<div>
  <div
    class="_login-container_863bc8"
  >
    <h1
      class="_title_863bc8"
    >
      BlazingCart
    </h1>
    <div>
      <form
        action=""
        class="_login__form_863bc8"
      >
        <label
          class="_form__label_863bc8"
          for="username"
        >
          Username :
          <input
            id="username"
            name="username"
            required=""
            type="text"
            value=""
          />
        </label>
        <button
          type="submit"
        >
          Log in as User
        </button>
      </form>
      <button
        type="button"
      >
        Log in as Guest
      </button>
    </div>
  </div>
</div>
`;
